// Jest Snapshot v1, https://goo.gl/fbAQLP

exports[`@snowpack/plugin-svelte unmocked generates code 1`] = `Promise {}`;
